Script executed successfully at 2024年7月17日 星期三 11:06:14

Script executed successfully at 2024年7月17日 星期三 11:06:42

Script executed successfully at 2024年7月17日 星期三 11:07:50

Script executed successfully at 2024年7月17日 星期三 11:08:13

Script executed successfully at 2024年7月17日 星期三 11:10:35

Script executed successfully at 2024年7月17日 星期三 11:10:42

Script executed successfully at 2024年7月17日 星期三 11:11:12

Script executed successfully at 2024年7月17日 星期三 11:18:03

Script executed successfully at 2024年7月17日 星期三 11:20:12

Script executed successfully at 2024年7月17日 星期三 11:20:42

Script executed successfully at 2024年7月17日 星期三 11:40:12

Script executed successfully at 2024年7月18日 星期四 15:51:29

Script executed successfully at 2024年7月18日 星期四 15:51:39

屏幕sleep操作记录2024年7月18日 星期四 15:52:18

屏幕sleep操作记录2024年7月18日 星期四 15:56:44

屏幕sleep操作记录2024年7月18日 星期四 16:01:35

屏幕sleep操作记录2024年7月18日 星期四 16:09:53

屏幕sleep操作记录2024年7月18日 星期四 18:52:16

屏幕sleep操作记录2024年7月18日 星期四 18:52:40

屏幕sleep操作记录2024年7月18日 星期四 18:59:34

屏幕sleep操作记录2024年7月18日 星期四 19:00:08

屏幕sleep操作记录2024年7月18日 星期四 19:06:18

屏幕sleep操作记录2024年7月18日 星期四 19:07:56

屏幕sleep操作记录2024年7月18日 星期四 19:29:15

屏幕sleep操作记录2024年7月18日 星期四 19:30:41

屏幕sleep操作记录2024年7月18日 星期四 19:39:08

屏幕sleep操作记录2024年7月19日 星期五 07:28:56

屏幕sleep操作记录2024年7月19日 星期五 11:38:44

屏幕sleep操作记录2024年7月20日 星期六 07:28:42

屏幕sleep操作记录2024年7月20日 星期六 11:38:47

屏幕sleep操作记录2024年7月22日 星期一 07:28:43

屏幕sleep操作记录2024年7月22日 星期一 11:39:17

屏幕sleep操作记录2024年7月23日 星期二 07:29:03

屏幕sleep操作记录2024年7月23日 星期二 11:39:10

屏幕sleep操作记录2024年7月24日 星期三 07:29:05

屏幕sleep操作记录2024年7月24日 星期三 11:38:59

屏幕sleep操作记录2024年7月25日 星期四 11:39:39

屏幕sleep操作记录2024年7月26日 星期五 07:29:33

屏幕sleep操作记录2024年7月26日 星期五 11:39:38

屏幕sleep操作记录2024年7月27日 星期六 07:29:24

屏幕sleep操作记录2024年7月27日 星期六 11:39:27

屏幕sleep操作记录2024年7月29日 星期一 07:29:42

屏幕sleep操作记录2024年7月29日 星期一 11:39:32

屏幕sleep操作记录2024年7月30日 星期二 07:29:37

屏幕sleep操作记录2024年7月30日 星期二 11:39:29

屏幕sleep操作记录2024年7月31日 星期三 07:29:34

屏幕sleep操作记录2024年7月31日 星期三 11:39:29

屏幕sleep操作记录2024年8月1日 星期四 07:29:29

屏幕sleep操作记录2024年8月1日 星期四 11:39:44

屏幕sleep操作记录2024年8月2日 星期五 07:29:30

屏幕sleep操作记录2024年8月2日 星期五 11:39:30

屏幕sleep操作记录2024年8月3日 星期六 07:58:56

屏幕sleep操作记录2024年8月5日 星期一 07:29:25

屏幕sleep操作记录2024年8月5日 星期一 11:39:30

屏幕sleep操作记录2024年8月6日 星期二 07:29:22

屏幕sleep操作记录2024年8月6日 星期二 11:39:22

屏幕sleep操作记录2024年8月7日 星期三 07:29:32

屏幕sleep操作记录2024年8月7日 星期三 11:39:23

屏幕sleep操作记录2024年8月8日 星期四 07:29:31

屏幕sleep操作记录2024年8月8日 星期四 11:39:31

屏幕sleep操作记录2024年8月9日 星期五 07:29:27

屏幕sleep操作记录2024年8月9日 星期五 11:39:26

屏幕sleep操作记录2024年8月12日 星期一 07:29:42

屏幕sleep操作记录2024年8月12日 星期一 11:39:47

屏幕sleep操作记录2024年8月14日 星期三 07:29:34

屏幕sleep操作记录2024年8月14日 星期三 11:39:46

屏幕sleep操作记录2024年8月15日 星期四 07:29:33

屏幕sleep操作记录2024年8月15日 星期四 11:39:28

屏幕sleep操作记录2024年8月16日 星期五 07:29:38

屏幕sleep操作记录2024年8月16日 星期五 11:39:44

屏幕sleep操作记录2024年8月19日 星期一 07:29:35

屏幕sleep操作记录2024年8月19日 星期一 11:39:36

屏幕sleep操作记录2024年8月20日 星期二 07:29:44

屏幕sleep操作记录2024年8月20日 星期二 11:39:38

屏幕sleep操作记录2024年8月21日 星期三 07:29:28

屏幕sleep操作记录2024年8月21日 星期三 11:39:23

屏幕sleep操作记录2024年8月22日 星期四 07:29:29

屏幕sleep操作记录2024年8月22日 星期四 11:39:31

屏幕sleep操作记录2024年8月23日 星期五 07:29:44

自动打卡记录2024年8月23日 星期五 14:01:02

自动打卡记录2024年8月23日 星期五 16:18:12

自动打卡记录2024年8月23日 星期五 16:43:54

自动打卡记录2024年8月23日 星期五 16:56:15

自动打卡记录2024年8月26日 星期一 09:51:36

自动打卡记录2024年8月26日 星期一 11:39:33

自动打卡记录2024年8月27日 星期二 07:29:20

自动打卡记录2024年8月27日 星期二 11:39:25

自动打卡记录2024年8月28日 星期三 07:29:20

自动打卡记录2024年8月28日 星期三 11:39:39

自动打卡记录 2024年8月28日 星期三 16:35:26
自动打卡记录 2024年8月28日 星期三 18:29:25
自动打卡记录 2024年8月28日 星期三 18:36:10
自动打卡记录 2024年8月28日 星期三 18:40:07
自动打卡记录 2024年8月28日 星期三 18:43:07
自动打卡记录 2024年8月28日 星期三 19:04:03
自动打卡记录 2024年8月29日 星期四 07:32:04
自动打卡记录 2024年8月29日 星期四 09:51:03
自动打卡记录 2024年8月29日 星期四 10:22:01
自动打卡记录 2024年8月29日 星期四 10:33:02
自动打卡记录 2024年8月29日 星期四 11:04:00
自动打卡记录 2024年8月30日 星期五 08:34:06

自动打卡记录 2024年8月30日 星期五 08:48:48
自动打卡记录 2024年8月30日 星期五 09:01:49
自动打卡记录 2024年8月30日 星期五 09:13:08
自动打卡记录 2024年8月30日 星期五 09:20:02
自动打卡记录 2024年8月30日 星期五 09:24:03
自动打卡记录 2024年8月30日 星期五 09:32:02
自动打卡记录 2024年8月30日 星期五 09:55:02
自动打卡记录 2024年8月30日 星期五 10:17:09
自动打卡记录 2024年8月30日 星期五 11:35:13
自动打卡记录2024年8月30日 星期五 11:39:10

自动打卡记录 2024年8月30日 星期五 14:40:58
自动打卡记录 2024年8月30日 星期五 14:50:39
自动打卡记录 2024年8月31日 星期六 05:55:16
自动打卡记录 2024年9月2日 星期一 07:30:14
自动打卡记录 2024年9月2日 星期一 07:33:15
自动打卡记录 2024年9月2日 星期一 12:00:13
周六签出记录 2024年9月2日 星期一 16:48:11
周六签出记录 2024年9月2日 星期一 18:51:03
自动打卡记录 2024年9月3日 星期二 07:30:16
自动打卡记录 2024年9月3日 星期二 12:00:16
自动打卡记录 2024年9月3日 星期二 16:01:14
自动打卡记录 2024年9月4日 星期三 07:30:14
自动打卡记录 2024年9月4日 星期三 12:00:16
auto自动打卡记录 2024年9月4日 星期三 14:50:19
auto自动打卡记录 2024年9月5日 星期四 07:30:14
auto自动打卡记录 2024年9月6日 星期五 07:30:16
auto自动打卡记录 2024年9月6日 星期五 12:00:16
auto自动打卡记录 2024年9月7日 星期六 05:45:15
周六签出记录 2024年9月9日 星期一 07:17:25
auto自动打卡记录 2024年9月9日 星期一 07:30:16
auto自动打卡记录 2024年9月9日 星期一 12:00:14
auto自动打卡记录 2024年9月10日 星期二 07:30:15
auto自动打卡记录 2024年9月10日 星期二 12:00:16
auto自动打卡记录 2024年9月11日 星期三 07:30:16
auto自动打卡记录 2024年9月11日 星期三 12:00:16
auto自动打卡记录 2024年9月12日 星期四 07:30:16
auto自动打卡记录 2024年9月12日 星期四 12:00:16
auto自动打卡记录 2024年9月13日 星期五 07:30:14
auto自动打卡记录 2024年9月13日 星期五 12:00:16
auto自动打卡记录 2024年9月14日 星期六 05:45:15
周六签出记录 2024年9月16日 星期一 07:10:34
auto自动打卡记录 2024年9月16日 星期一 07:30:16
自动打卡记录 2024年9月16日 星期一 09:34:42

auto自动打卡记录 2024年9月16日 星期一 09:45:15
auto自动打卡记录 2024年9月16日 星期一 12:00:16
auto自动打卡记录 2024年9月17日 星期二 07:30:16
auto自动打卡记录 2024年9月17日 星期二 12:00:16
auto自动打卡记录 2024年9月18日 星期三 07:30:14
auto自动打卡记录 2024年9月18日 星期三 12:00:15
auto自动打卡记录 2024年9月19日 星期四 07:30:16
自动打卡记录autoCheckIn 2024年9月19日 星期四 07:31:30
auto自动打卡记录 2024年9月19日 星期四 12:00:15
auto自动打卡记录 2024年9月20日 星期五 07:30:16
auto自动打卡记录 2024年9月20日 星期五 12:00:15
auto自动打卡记录 2024年9月21日 星期六 05:45:15
auto自动打卡记录 2024年9月23日 星期一 07:30:15
auto自动打卡记录 2024年9月23日 星期一 12:00:14
auto自动打卡记录 2024年9月24日 星期二 07:30:16
auto自动打卡记录 2024年9月24日 星期二 12:00:16
auto自动打卡记录 2024年9月25日 星期三 07:30:15
auto自动打卡记录 2024年9月25日 星期三 12:00:16
auto自动打卡记录 2024年9月26日 星期四 07:30:15
auto自动打卡记录 2024年9月26日 星期四 12:00:15
auto自动打卡记录 2024年9月30日 星期一 12:00:15
自动打卡记录autoCheckIn 2024年9月30日 星期一 12:07:49
自动打卡记录autoCheckIn 2024年10月1日 星期二 08:44:50
auto自动打卡记录 2024年10月1日 星期二 12:00:16
auto自动打卡记录 2024年10月2日 星期三 12:00:15
自动打卡记录autoCheckIn 2024年10月3日 星期四 07:31:25
自动打卡记录autoCheckIn 2024年10月3日 星期四 12:17:02
自动打卡记录autoCheckIn 2024年10月4日 星期五 07:30:48
auto自动打卡记录 2024年10月4日 星期五 12:00:14
auto自动打卡记录 2024年10月5日 星期六 05:45:16
auto自动打卡记录 2024年10月7日 星期一 07:30:15
auto自动打卡记录 2024年10月7日 星期一 12:00:15
auto自动打卡记录 2024年10月8日 星期二 07:30:15
auto自动打卡记录 2024年10月8日 星期二 12:00:16
auto自动打卡记录 2024年10月9日 星期三 07:30:15
自动打卡记录autoCheckIn 2024年10月9日 星期三 12:04:38
auto自动打卡记录 2024年10月10日 星期四 07:30:16
auto自动打卡记录 2024年10月10日 星期四 12:00:16
auto自动打卡记录 2024年10月11日 星期五 07:30:14
auto自动打卡记录 2024年10月11日 星期五 12:00:16
周六签出记录 2024年10月12日 星期六 13:30:02
auto自动打卡记录 2024年10月14日 星期一 07:30:16
auto自动打卡记录 2024年10月14日 星期一 12:00:16
auto自动打卡记录 2024年10月15日 星期二 07:30:16
auto自动打卡记录 2024年10月15日 星期二 12:00:16
auto自动打卡记录 2024年10月16日 星期三 07:30:16
auto自动打卡记录 2024年10月16日 星期三 12:00:14
auto自动打卡记录 2024年10月17日 星期四 07:30:16
auto自动打卡记录 2024年10月17日 星期四 12:00:16
auto自动打卡记录 2024年10月18日 星期五 07:30:14
auto自动打卡记录 2024年10月18日 星期五 12:00:16
周六签出记录 2024年10月19日 星期六 13:31:03
自动打卡记录autoCheckIn 2024年10月21日 星期一 07:31:05
auto自动打卡记录 2024年10月21日 星期一 12:00:16
auto自动打卡记录 2024年10月22日 星期二 07:30:16
auto自动打卡记录 2024年10月22日 星期二 12:00:16
auto自动打卡记录 2024年10月23日 星期三 07:30:16
auto自动打卡记录 2024年10月23日 星期三 12:00:15
auto自动打卡记录 2024年10月24日 星期四 07:30:16
自动打卡记录autoCheckIn 2024年10月24日 星期四 12:02:50
auto自动打卡记录 2024年10月25日 星期五 07:30:15
自动打卡记录autoCheckIn 2024年10月25日 星期五 08:32:11
auto自动打卡记录 2024年10月31日 星期四 07:30:15
auto自动打卡记录 2024年10月31日 星期四 12:00:14
auto自动打卡记录 2024年11月1日 星期五 07:30:16
auto自动打卡记录 2024年11月1日 星期五 12:00:16
auto自动打卡记录 2024年11月4日 星期一 07:30:16
auto自动打卡记录 2024年11月4日 星期一 12:00:16
auto自动打卡记录 2024年11月5日 星期二 07:30:16
auto自动打卡记录 2024年11月6日 星期三 07:30:14
auto自动打卡记录 2024年11月6日 星期三 12:00:14
自动打卡记录autoCheckIn 2024年11月7日 星期四 07:30:51
自动打卡记录autoCheckIn 2024年11月7日 星期四 12:01:33
auto自动打卡记录 2024年11月8日 星期五 07:30:16
自动打卡记录autoCheckIn 2024年11月8日 星期五 12:19:41
auto自动打卡记录 2024年11月12日 星期二 07:30:14
auto自动打卡记录 2024年11月12日 星期二 12:00:14
auto自动打卡记录 2024年11月13日 星期三 07:30:14
自动打卡记录autoCheckIn 2024年11月13日 星期三 12:05:13
自动打卡记录autoCheckIn 2024年11月14日 星期四 07:30:41
auto自动打卡记录 2024年11月14日 星期四 12:00:15
auto自动打卡记录 2024年11月15日 星期五 07:30:14
auto自动打卡记录 2024年11月15日 星期五 12:00:16
auto自动打卡记录 2024年11月18日 星期一 07:30:17
auto自动打卡记录 2024年11月18日 星期一 12:00:16
auto自动打卡记录 2024年11月19日 星期二 07:30:16
auto自动打卡记录 2024年11月19日 星期二 12:00:14
auto自动打卡记录 2024年11月20日 星期三 07:30:16
auto自动打卡记录 2024年11月20日 星期三 12:00:16
auto自动打卡记录 2024年11月21日 星期四 07:30:15
auto自动打卡记录 2024年11月21日 星期四 12:00:14
auto自动打卡记录 2024年11月22日 星期五 07:30:15
auto自动打卡记录 2024年11月22日 星期五 12:00:16
周六签出记录 2024年11月23日 星期六 13:31:02
auto自动打卡记录 2024年11月25日 星期一 07:30:16
auto自动打卡记录 2024年11月25日 星期一 12:00:16
auto自动打卡记录 2024年11月26日 星期二 07:30:16
auto自动打卡记录 2024年11月26日 星期二 12:00:16
auto自动打卡记录 2024年11月27日 星期三 07:30:15
auto自动打卡记录 2024年11月27日 星期三 12:00:14
auto自动打卡记录 2024年11月28日 星期四 07:30:15
auto自动打卡记录 2024年11月28日 星期四 12:00:16
auto自动打卡记录 2024年11月29日 星期五 07:30:15
auto自动打卡记录 2024年11月29日 星期五 12:00:15
周六签出记录 2024年11月30日 星期六 13:31:02
auto自动打卡记录 2024年12月2日 星期一 07:30:16
auto自动打卡记录 2024年12月2日 星期一 12:00:16
auto自动打卡记录 2024年12月3日 星期二 07:30:15
auto自动打卡记录 2024年12月3日 星期二 12:00:14
auto自动打卡记录 2024年12月4日 星期三 12:00:16
auto自动打卡记录 2024年12月5日 星期四 07:30:16
auto自动打卡记录 2024年12月5日 星期四 12:00:16
auto自动打卡记录 2024年12月6日 星期五 07:30:16
auto自动打卡记录 2024年12月6日 星期五 12:00:16
自动打卡记录autoCheckIn 2024年12月7日 星期六 10:52:47
auto自动打卡记录 2024年12月9日 星期一 12:00:15
auto自动打卡记录 2024年12月10日 星期二 07:30:16
auto自动打卡记录 2024年12月10日 星期二 12:00:16
auto自动打卡记录 2024年12月11日 星期三 07:30:16
auto自动打卡记录 2024年12月11日 星期三 12:00:16
auto自动打卡记录 2024年12月12日 星期四 07:30:16
auto自动打卡记录 2024年12月12日 星期四 12:00:16
auto自动打卡记录 2024年12月13日 星期五 07:30:16
auto自动打卡记录 2024年12月13日 星期五 12:00:16
auto自动打卡记录 2024年12月16日 星期一 12:00:16
auto自动打卡记录 2024年12月17日 星期二 07:30:14
auto自动打卡记录 2024年12月17日 星期二 12:00:16
auto自动打卡记录 2024年12月18日 星期三 07:30:14
auto自动打卡记录 2024年12月18日 星期三 12:00:16
auto自动打卡记录 2024年12月19日 星期四 07:30:14
auto自动打卡记录 2024年12月19日 星期四 12:00:16
auto自动打卡记录 2024年12月20日 星期五 07:30:16
auto自动打卡记录 2024年12月20日 星期五 12:00:16
周六签出记录 2024年12月21日 星期六 13:31:02
auto自动打卡记录 2024年12月23日 星期一 07:30:16
auto自动打卡记录 2024年12月23日 星期一 12:00:16
auto自动打卡记录 2024年12月24日 星期二 07:30:16
auto自动打卡记录 2024年12月24日 星期二 12:00:14
auto自动打卡记录 2024年12月25日 星期三 07:30:13
auto自动打卡记录 2024年12月25日 星期三 12:00:14
auto自动打卡记录 2024年12月26日 星期四 07:30:14
auto自动打卡记录 2024年12月26日 星期四 12:00:15
auto自动打卡记录 2024年12月27日 星期五 07:30:16
auto自动打卡记录 2024年12月27日 星期五 12:00:16
周六签出记录 2024年12月28日 星期六 13:31:01
auto自动打卡记录 2024年12月30日 星期一 07:30:14
auto自动打卡记录 2024年12月30日 星期一 12:00:16
auto自动打卡记录 2024年12月31日 星期二 07:30:14
auto自动打卡记录 2024年12月31日 星期二 12:00:16
auto自动打卡记录 2025年1月2日 星期四 07:30:16
auto自动打卡记录 2025年1月3日 星期五 07:30:16
auto自动打卡记录 2025年1月3日 星期五 12:00:15
周六签出记录 2025年1月4日 星期六 13:31:03
auto自动打卡记录 2025年1月6日 星期一 07:30:16
auto自动打卡记录 2025年1月6日 星期一 12:00:14
auto自动打卡记录 2025年1月7日 星期二 07:30:15
auto自动打卡记录 2025年1月7日 星期二 12:00:15
auto自动打卡记录 2025年1月8日 星期三 07:30:16
auto自动打卡记录 2025年1月8日 星期三 12:00:16
auto自动打卡记录 2025年1月9日 星期四 07:30:14
auto自动打卡记录 2025年1月9日 星期四 12:00:16
auto自动打卡记录 2025年1月10日 星期五 12:00:16
周六签出记录 2025年1月11日 星期六 13:31:02
auto自动打卡记录 2025年1月13日 星期一 07:30:15
auto自动打卡记录 2025年1月13日 星期一 12:00:16
auto自动打卡记录 2025年1月14日 星期二 07:30:14
auto自动打卡记录 2025年1月14日 星期二 12:00:15
auto自动打卡记录 2025年1月17日 星期五 07:30:16
auto自动打卡记录 2025年1月17日 星期五 12:00:14
周六签出记录 2025年1月18日 星期六 13:31:02
auto自动打卡记录 2025年1月20日 星期一 07:30:15
auto自动打卡记录 2025年1月20日 星期一 12:00:14
auto自动打卡记录 2025年1月21日 星期二 07:30:16
auto自动打卡记录 2025年1月21日 星期二 12:00:16
auto自动打卡记录 2025年1月22日 星期三 07:30:16
auto自动打卡记录 2025年1月22日 星期三 12:00:16
auto自动打卡记录 2025年1月23日 星期四 07:30:16
auto自动打卡记录 2025年1月23日 星期四 12:00:16
auto自动打卡记录 2025年1月24日 星期五 07:30:16
auto自动打卡记录 2025年1月24日 星期五 12:00:17
周六签出记录 2025年1月25日 星期六 13:31:03
auto自动打卡记录 2025年1月28日 星期二 07:30:16
auto自动打卡记录 2025年1月28日 星期二 12:00:15
周六签出记录 2025年2月1日 星期六 13:31:01
auto自动打卡记录 2025年2月3日 星期一 07:30:16
auto自动打卡记录 2025年2月3日 星期一 12:00:16
auto自动打卡记录 2025年2月4日 星期二 07:30:15
auto自动打卡记录 2025年2月4日 星期二 12:00:16
auto自动打卡记录 2025年2月7日 星期五 07:30:15
auto自动打卡记录 2025年2月7日 星期五 12:00:16
auto自动打卡记录 2025年2月10日 星期一 07:30:15
auto自动打卡记录 2025年2月10日 星期一 12:00:16
auto自动打卡记录 2025年2月11日 星期二 07:30:16
auto自动打卡记录 2025年2月11日 星期二 12:00:16
auto自动打卡记录 2025年2月12日 星期三 07:30:16
auto自动打卡记录 2025年2月12日 星期三 12:00:16
auto自动打卡记录 2025年2月13日 星期四 12:00:16
auto自动打卡记录 2025年2月14日 星期五 07:30:14
auto自动打卡记录 2025年2月14日 星期五 12:00:16
周六签出记录 2025年2月15日 星期六 13:31:03
auto自动打卡记录 2025年2月17日 星期一 07:30:16
auto自动打卡记录 2025年2月17日 星期一 12:00:16
auto自动打卡记录 2025年2月18日 星期二 07:30:15
auto自动打卡记录 2025年2月18日 星期二 12:00:16
auto自动打卡记录 2025年2月19日 星期三 12:00:16
auto自动打卡记录 2025年2月20日 星期四 07:30:16
auto自动打卡记录 2025年2月20日 星期四 12:00:17
auto自动打卡记录 2025年2月21日 星期五 07:30:15
auto自动打卡记录 2025年2月21日 星期五 12:00:16
周六签出记录 2025年2月22日 星期六 13:31:03
auto自动打卡记录 2025年2月24日 星期一 12:00:16
auto自动打卡记录 2025年2月25日 星期二 12:00:16
auto自动打卡记录 2025年2月26日 星期三 07:30:16
auto自动打卡记录 2025年2月26日 星期三 12:00:16
auto自动打卡记录 2025年2月27日 星期四 07:30:15
auto自动打卡记录 2025年2月27日 星期四 12:00:16
auto自动打卡记录 2025年2月28日 星期五 07:30:16
auto自动打卡记录 2025年2月28日 星期五 12:00:14
周六签出记录 2025年3月1日 星期六 13:31:03
auto自动打卡记录 2025年3月3日 星期一 12:00:16
auto自动打卡记录 2025年3月4日 星期二 07:30:15
auto自动打卡记录 2025年3月4日 星期二 12:00:16
auto自动打卡记录 2025年3月5日 星期三 07:30:15
auto自动打卡记录 2025年3月5日 星期三 12:00:16
auto自动打卡记录 2025年3月6日 星期四 07:30:16
auto自动打卡记录 2025年3月6日 星期四 12:00:15
auto自动打卡记录 2025年3月7日 星期五 07:30:15
auto自动打卡记录 2025年3月7日 星期五 12:00:16
周六签出记录 2025年3月8日 星期六 13:31:03
auto自动打卡记录 2025年3月10日 星期一 12:00:15
auto自动打卡记录 2025年3月11日 星期二 07:30:14
auto自动打卡记录 2025年3月11日 星期二 12:00:15
auto自动打卡记录 2025年3月12日 星期三 07:30:16
auto自动打卡记录 2025年3月12日 星期三 12:00:16
auto自动打卡记录 2025年3月13日 星期四 07:30:16
auto自动打卡记录 2025年3月13日 星期四 12:00:14
auto自动打卡记录 2025年3月14日 星期五 07:30:15
auto自动打卡记录 2025年3月14日 星期五 12:00:16
周六签出记录 2025年3月15日 星期六 13:31:02
auto自动打卡记录 2025年3月18日 星期二 07:30:16
auto自动打卡记录 2025年3月18日 星期二 12:00:15
auto自动打卡记录 2025年3月19日 星期三 07:30:15
auto自动打卡记录 2025年3月19日 星期三 12:00:16
auto自动打卡记录 2025年3月20日 星期四 07:30:16
auto自动打卡记录 2025年3月20日 星期四 12:00:16
auto自动打卡记录 2025年3月21日 星期五 07:30:16
auto自动打卡记录 2025年3月21日 星期五 12:00:16
周六签出记录 2025年3月22日 星期六 13:31:02
auto自动打卡记录 2025年3月24日 星期一 12:00:15
auto自动打卡记录 2025年3月25日 星期二 07:30:16
auto自动打卡记录 2025年3月25日 星期二 12:00:16
auto自动打卡记录 2025年3月26日 星期三 07:30:16
auto自动打卡记录 2025年3月26日 星期三 12:00:16
auto自动打卡记录 2025年3月27日 星期四 07:30:16
auto自动打卡记录 2025年3月27日 星期四 12:00:16
auto自动打卡记录 2025年3月28日 星期五 07:30:14
auto自动打卡记录 2025年3月28日 星期五 12:00:16
周六签出记录 2025年3月29日 星期六 13:31:03
auto自动打卡记录 2025年3月31日 星期一 12:00:16
auto自动打卡记录 2025年4月1日 星期二 07:30:16
auto自动打卡记录 2025年4月1日 星期二 12:00:16
auto自动打卡记录 2025年4月2日 星期三 07:30:16
auto自动打卡记录 2025年4月2日 星期三 12:00:15
auto自动打卡记录 2025年4月3日 星期四 07:30:15
auto自动打卡记录 2025年4月3日 星期四 12:00:16
周六签出记录 2025年4月5日 星期六 13:31:03
auto自动打卡记录 2025年4月7日 星期一 12:00:16
auto自动打卡记录 2025年4月8日 星期二 07:30:16
auto自动打卡记录 2025年4月8日 星期二 12:00:16
auto自动打卡记录 2025年4月11日 星期五 07:30:16
auto自动打卡记录 2025年4月11日 星期五 12:00:16
周六签出记录 2025年4月12日 星期六 13:31:03
auto自动打卡记录 2025年4月14日 星期一 12:00:15
auto自动打卡记录 2025年4月15日 星期二 07:30:15
auto自动打卡记录 2025年4月15日 星期二 12:00:16
auto自动打卡记录 2025年4月16日 星期三 07:30:15
auto自动打卡记录 2025年4月16日 星期三 12:00:16
auto自动打卡记录 2025年4月17日 星期四 07:30:15
auto自动打卡记录 2025年4月17日 星期四 12:00:15
auto自动打卡记录 2025年4月18日 星期五 07:30:16
auto自动打卡记录 2025年4月18日 星期五 12:00:13
周六签出记录 2025年4月19日 星期六 13:31:03
auto自动打卡记录 2025年4月21日 星期一 07:30:16
auto自动打卡记录 2025年4月21日 星期一 12:00:16
auto自动打卡记录 2025年4月22日 星期二 07:30:15
auto自动打卡记录 2025年4月22日 星期二 12:00:16
auto自动打卡记录 2025年4月23日 星期三 07:30:14
auto自动打卡记录 2025年4月23日 星期三 12:00:16
auto自动打卡记录 2025年4月24日 星期四 07:30:16
auto自动打卡记录 2025年4月24日 星期四 12:00:16
auto自动打卡记录 2025年4月25日 星期五 07:30:15
周六签出记录 2025年4月26日 星期六 13:31:03
auto自动打卡记录 2025年5月1日 星期四 07:30:14
auto自动打卡记录 2025年5月1日 星期四 12:00:16
auto自动打卡记录 2025年5月2日 星期五 07:30:16
auto自动打卡记录 2025年5月2日 星期五 12:00:16
周六签出记录 2025年5月3日 星期六 13:31:02
auto自动打卡记录 2025年5月5日 星期一 07:30:16
auto自动打卡记录 2025年5月5日 星期一 12:00:16
auto自动打卡记录 2025年5月6日 星期二 07:30:16
auto自动打卡记录 2025年5月6日 星期二 12:00:16
auto自动打卡记录 2025年5月7日 星期三 07:30:16
auto自动打卡记录 2025年5月7日 星期三 12:00:16
auto自动打卡记录 2025年5月8日 星期四 07:30:16
auto自动打卡记录 2025年5月8日 星期四 12:00:15
auto自动打卡记录 2025年5月9日 星期五 07:30:15
auto自动打卡记录 2025年5月9日 星期五 12:00:16
周六签出记录 2025年5月10日 星期六 13:31:03
auto自动打卡记录 2025年5月12日 星期一 07:30:16
auto自动打卡记录 2025年5月12日 星期一 12:00:17
auto自动打卡记录 2025年5月13日 星期二 07:30:13
auto自动打卡记录 2025年5月13日 星期二 12:00:16
auto自动打卡记录 2025年5月14日 星期三 07:30:16
auto自动打卡记录 2025年5月14日 星期三 12:00:16
auto自动打卡记录 2025年5月15日 星期四 07:30:15
auto自动打卡记录 2025年5月15日 星期四 12:00:15
auto自动打卡记录 2025年5月16日 星期五 07:30:14
auto自动打卡记录 2025年5月16日 星期五 12:00:14
周六签出记录 2025年5月17日 星期六 13:31:02
auto自动打卡记录 2025年5月19日 星期一 07:30:14
auto自动打卡记录 2025年5月19日 星期一 12:00:16
auto自动打卡记录 2025年5月20日 星期二 07:30:15
auto自动打卡记录 2025年5月20日 星期二 12:00:16
auto自动打卡记录 2025年5月21日 星期三 07:30:15
auto自动打卡记录 2025年5月21日 星期三 12:00:15
auto自动打卡记录 2025年5月22日 星期四 07:30:16
auto自动打卡记录 2025年5月22日 星期四 12:00:16
auto自动打卡记录 2025年5月23日 星期五 07:30:15
auto自动打卡记录 2025年5月23日 星期五 12:00:14
周六签出记录 2025年5月24日 星期六 13:31:02
auto自动打卡记录 2025年5月27日 星期二 07:30:16
auto自动打卡记录 2025年5月27日 星期二 12:00:16
auto自动打卡记录 2025年5月28日 星期三 12:00:16
auto自动打卡记录 2025年5月29日 星期四 07:30:17
auto自动打卡记录 2025年5月29日 星期四 12:00:16
auto自动打卡记录 2025年5月30日 星期五 07:30:16
auto自动打卡记录 2025年5月30日 星期五 12:00:16
周六签出记录 2025年5月31日 星期六 13:31:01
auto自动打卡记录 2025年6月2日 星期一 07:30:16
auto自动打卡记录 2025年6月2日 星期一 12:00:16
auto自动打卡记录 2025年6月3日 星期二 07:30:16
auto自动打卡记录 2025年6月3日 星期二 12:00:16
auto自动打卡记录 2025年6月4日 星期三 07:30:14
auto自动打卡记录 2025年6月4日 星期三 12:00:16
auto自动打卡记录 2025年6月6日 星期五 12:00:14
周六签出记录 2025年6月7日 星期六 13:31:00
auto自动打卡记录 2025年6月9日 星期一 07:30:15
auto自动打卡记录 2025年6月9日 星期一 12:00:15
auto自动打卡记录 2025年6月10日 星期二 07:30:16
auto自动打卡记录 2025年6月10日 星期二 12:00:16
auto自动打卡记录 2025年6月11日 星期三 07:30:14
auto自动打卡记录 2025年6月11日 星期三 12:00:16
auto自动打卡记录 2025年6月12日 星期四 07:30:16
auto自动打卡记录 2025年6月13日 星期五 07:30:14
周六签出记录 2025年6月14日 星期六 13:31:03
auto自动打卡记录 2025年6月16日 星期一 07:30:17
auto自动打卡记录 2025年6月16日 星期一 12:00:16
auto自动打卡记录 2025年6月17日 星期二 07:30:14
auto自动打卡记录 2025年6月17日 星期二 12:00:17
auto自动打卡记录 2025年6月18日 星期三 07:30:16
auto自动打卡记录 2025年6月18日 星期三 12:00:15
auto自动打卡记录 2025年6月19日 星期四 07:30:17
auto自动打卡记录 2025年6月19日 星期四 12:00:16
auto自动打卡记录 2025年6月20日 星期五 07:30:16
auto自动打卡记录 2025年6月20日 星期五 12:00:16
周六签出记录 2025年6月21日 星期六 13:31:03
auto自动打卡记录 2025年6月23日 星期一 07:30:15
auto自动打卡记录 2025年6月23日 星期一 12:00:17
auto自动打卡记录 2025年6月24日 星期二 07:30:14
auto自动打卡记录 2025年6月24日 星期二 12:00:16
auto自动打卡记录 2025年6月25日 星期三 07:30:14
auto自动打卡记录 2025年6月25日 星期三 12:00:15
auto自动打卡记录 2025年6月26日 星期四 07:30:16
auto自动打卡记录 2025年6月26日 星期四 12:00:14
auto自动打卡记录 2025年6月27日 星期五 07:30:16
auto自动打卡记录 2025年6月27日 星期五 12:00:15
周六签出记录 2025年6月28日 星期六 13:31:03
auto自动打卡记录 2025年6月30日 星期一 07:30:16
auto自动打卡记录 2025年6月30日 星期一 12:00:16
auto自动打卡记录 2025年7月1日 星期二 12:00:17
auto自动打卡记录 2025年7月2日 星期三 07:25:16
auto自动打卡记录 2025年7月2日 星期三 11:30:15
auto自动打卡记录 2025年7月2日 星期三 19:35:19
auto自动打卡记录111111 2025年7月2日 星期三 19:40:16
auto自动打卡记录111111 2025年7月3日 星期四 07:25:16
auto自动打卡记录111111 2025年7月3日 星期四 11:30:18
auto自动打卡记录111111 2025年7月3日 星期四 11:35:15
auto自动打卡记录111111 2025年7月4日 星期五 07:25:16
auto自动打卡记录111111 2025年7月4日 星期五 11:30:16
auto自动打卡记录111111 2025年7月7日 星期一 07:25:16
auto自动打卡记录111111 2025年7月7日 星期一 07:30:15
auto自动打卡记录111111 2025年7月7日 星期一 11:30:16
auto自动打卡记录111111 2025年7月8日 星期二 07:25:14
auto自动打卡记录111111 2025年7月8日 星期二 11:30:16
auto自动打卡记录111111 2025年7月9日 星期三 07:25:16
auto自动打卡记录111111 2025年7月9日 星期三 11:30:16
auto自动打卡记录111111 2025年7月10日 星期四 07:25:16
auto自动打卡记录111111 2025年7月10日 星期四 11:30:16
auto自动打卡记录111111 2025年7月11日 星期五 07:25:16
auto自动打卡记录111111 2025年7月11日 星期五 11:30:15
auto自动打卡记录111111 2025年7月14日 星期一 07:25:16
auto自动打卡记录111111 2025年7月14日 星期一 11:30:15
auto自动打卡记录111111 2025年7月15日 星期二 07:25:16
auto自动打卡记录111111 2025年7月15日 星期二 11:30:16
auto自动打卡记录111111 2025年7月16日 星期三 07:25:16
auto自动打卡记录111111 2025年7月16日 星期三 11:30:16
auto自动打卡记录111111 2025年7月17日 星期四 07:25:16
auto自动打卡记录111111 2025年7月17日 星期四 11:30:16
auto自动打卡记录111111 2025年7月18日 星期五 07:25:16
auto自动打卡记录111111 2025年7月18日 星期五 11:30:15
auto自动打卡记录111111 2025年7月19日 星期六 13:31:16
auto自动打卡记录111111 2025年7月21日 星期一 07:25:14
auto自动打卡记录111111 2025年7月21日 星期一 11:30:16
auto自动打卡记录111111 2025年7月22日 星期二 07:25:15
auto自动打卡记录111111 2025年7月22日 星期二 11:30:17
auto自动打卡记录111111 2025年7月23日 星期三 07:25:16
auto自动打卡记录111111 2025年7月23日 星期三 11:30:16
auto自动打卡记录111111 2025年7月24日 星期四 07:25:16
auto自动打卡记录111111 2025年7月24日 星期四 11:30:16
auto自动打卡记录111111 2025年7月25日 星期五 07:25:16
auto自动打卡记录111111 2025年7月25日 星期五 11:30:16
auto自动打卡记录111111 2025年7月26日 星期六 05:50:16
auto自动打卡记录111111 2025年7月28日 星期一 07:25:15
auto自动打卡记录111111 2025年7月28日 星期一 11:30:16
auto自动打卡记录111111 2025年7月29日 星期二 07:25:16
auto自动打卡记录111111 2025年7月29日 星期二 11:30:16
auto自动打卡记录111111 2025年7月30日 星期三 07:25:16
auto自动打卡记录111111 2025年7月30日 星期三 11:30:16
auto自动打卡记录111111 2025年7月31日 星期四 07:25:17
auto自动打卡记录111111 2025年7月31日 星期四 11:30:16
auto自动打卡记录111111 2025年8月1日 星期五 07:25:17
auto自动打卡记录111111 2025年8月1日 星期五 11:30:16
auto自动打卡记录111111 2025年8月2日 星期六 05:50:14
auto自动打卡记录111111 2025年8月4日 星期一 07:25:16
auto自动打卡记录111111 2025年8月4日 星期一 11:30:16
auto自动打卡记录111111 2025年8月5日 星期二 07:25:16
auto自动打卡记录111111 2025年8月5日 星期二 11:30:16
auto自动打卡记录111111 2025年8月6日 星期三 07:25:16
auto自动打卡记录111111 2025年8月6日 星期三 11:30:16
auto自动打卡记录111111 2025年8月7日 星期四 07:25:16
auto自动打卡记录111111 2025年8月7日 星期四 11:30:15
auto自动打卡记录111111 2025年8月8日 星期五 07:25:16
auto自动打卡记录111111 2025年8月8日 星期五 11:30:16
auto自动打卡记录111111 2025年8月9日 星期六 05:50:16
auto自动打卡记录111111 2025年8月9日 星期六 13:31:16
auto自动打卡记录111111 2025年8月11日 星期一 07:25:15
auto自动打卡记录111111 2025年8月11日 星期一 11:30:16
